
> gather-savor-event-hub@0.1.0 test
> node --test

Γ£ö parseCSV - handles simple comma separation (1.9068ms)
Γ£ö parseCSV - handles quoted commas and newlines (0.3324ms)
Γ£ö parseCSV - handles escaped quotes (0.2024ms)
Γ£ö normalizePaymentStatus (0.273ms)
Γ£ö normalizeEmail (0.5497ms)
Γ£ö validateRow - missing email and phone is not a hard blocker (0.6231ms)
Γ£ö validateRow - valid if at least phone is present (0.1612ms)
Γ£ö generateStableId - is deterministic and privacy-safe (13.3213ms)
Γ£ö generateStableId - differs across events for same email (1.1703ms)
Γ£ö findDuplicate - detects sourceRowId against existing registrations (0.4951ms)
Γ£ö findDuplicate - shared email is no longer a hard duplicate by itself (0.1997ms)
Γ£ö mapRows - maps CSV columns using field map (0.7251ms)
Γ£ö validateRegistration - ticket status validation (0.2637ms)
Γ£ö event validation accepts complete event values (1.3566ms)
Γ£ö event validation rejects missing and invalid required values (0.3596ms)
Γ£ö active-event dates remain stable when stored locally (1.1286ms)
∩╣ú Firestore rules allow approved admin check-in batch for imported ticketed registration (0.5808ms) # SKIP
∩╣ú Firestore rules allow small approved admin registration import batch (0.0815ms) # SKIP
∩╣ú Firestore rules reject oversized single registration import batch due audit verification access limits (0.0553ms) # SKIP
∩╣ú Firestore rules reject unapproved check-in batch (0.0475ms) # SKIP
∩╣ú Firestore rules reject standalone check-in audit without registration transition (0.0528ms) # SKIP
∩╣ú Firestore rules reject duplicate check-in registration update (0.0526ms) # SKIP
∩╣ú Firestore rules allow approved admin undo check-in batch (0.0402ms) # SKIP
∩╣ú Firestore rules reject unapproved undo check-in batch (0.0386ms) # SKIP
∩╣ú Firestore rules reject standalone undo audit without registration transition (0.063ms) # SKIP
Γ£ö Firestore rules test harness is skipped unless the Firestore emulator is running (0.1978ms)
Γ£ö check-in rules allow only check-in field changes without broad schema loosening (4.0635ms)
Γ£ö check-in and undo services send minimal persistence payloads plus audit logs (1.261ms)
Γ£ö Import Center source selector covers supported source types (1.7033ms)
Γ£ö Import Center keeps Google Sheets OAuth deferred and enables XLSX parsing (0.3715ms)
Γ£ö Import Center page labels source selector and XLSX upload as preview-first (8.9771ms)
Γ£ö existing CSV parsing and mapping still works for registration imports (2.4728ms)
Γ£ö Import Center detects ticket code headers and blocks duplicate imported ticket codes (9.9804ms)
Γ£ö XLSX row normalization detects headers and preserves existing mapping flow (0.6729ms)
Γ£ö pasted table import still uses the same CSV parser and preview path (0.2684ms)
Γ£ö Phase 10 role detection keeps approvedEmails backward compatible (1.158ms)
Γ£ö Phase 10 UI displays roles without weakening Firestore rules (14.899ms)
Γ£ö Phase 11 communications templates and placeholders are copy-only and safe (28.4487ms)
Γ£ö Phase 11 segment counts, recipient list, and CSV packet are generated without sending (3.3068ms)
Γ£ö Phase 11 UI has packet builder and no sending or OAuth implementation (5.2795ms)
Γ£ö QA Center includes Phase 10 and Phase 11 checks (4.5262ms)
Γ£ö PWA manifest carries the Gather & Savor mobile identity (7.0853ms)
Γ£ö service worker does not cache or intercept private admin data (1.6824ms)
Γ£ö Google and email sign-in both retain admin allowlist verification (5.6785ms)
Γ£ö registration audit logs preserve registration target type (1.7031ms)
Γ£ö mobile navigation keeps More, Settings, and logout reachable (4.9953ms)
Γ£ö sidebar Working Event box contains long event text safely (1.1723ms)
Γ£ö Dashboard quick navigation reflects current production tools (2.6923ms)
Γ£ö VALID_TIER_NAMES includes all 7 expected names (1.3631ms)
Γ£ö VALID_TIER_STATUSES has active, sold-out, hidden (0.2199ms)
Γ£ö validatePriceTier - valid tier passes (0.9268ms)
Γ£ö validatePriceTier - rejects missing name (0.1972ms)
Γ£ö validatePriceTier - rejects negative price (1.7454ms)
Γ£ö validatePriceTier - allows zero price (Complimentary) (0.3571ms)
Γ£ö validatePriceTier - rejects invalid status (0.1971ms)
Γ£ö validatePriceTiers - returns empty for empty array (0.2178ms)
Γ£ö validatePriceTiers - returns empty for null (0.2187ms)
Γ£ö validatePriceTiers - rejects more than MAX_PRICE_TIERS (0.3222ms)
Γ£ö validatePriceTiers - collects errors per index (0.2443ms)
Γ£ö validateEvent - accepts event with no priceTiers (0.2865ms)
Γ£ö validateEvent - accepts event with valid priceTiers (0.2059ms)
Γ£ö validateEvent - rejects event with invalid priceTier (0.258ms)
Γ£ö getCountdown - returns null for past date (0.2052ms)
Γ£ö getCountdown - returns null for invalid value (0.3126ms)
Γ£ö getCountdown - returns positive values for future date (0.1725ms)
Γ£ö formatCountdown - returns "Past" for past date (0.252ms)
Γ£ö formatCountdown - returns days+hours string for far future (0.1874ms)
Γ£ö upcomingEvents - returns empty for empty array (0.2334ms)
Γ£ö upcomingEvents - excludes past events (0.1577ms)
Γ£ö upcomingEvents - sorts by date ascending (0.184ms)
Γ£ö upcomingEvents - excludes cancelled events (0.1081ms)
Γ£ö parseCSV - skips blank rows before header row (0.5547ms)
Γ£ö parseCSV - handles single blank line at top (0.1593ms)
Γ£ö parseCSV - returns empty for all-blank input (0.1262ms)
Γ£ö parseCSV - handles different header names for auto-detection (0.1297ms)
Γ£ö ticket code generation is readable, unique, and privacy-safe (1.3567ms)
Γ£ö ticket code generation avoids existing event codes (0.3397ms)
Γ£ö ticket assignment validation rejects invalid and duplicate codes (0.4055ms)
Γ£ö event-style ticket prefix and sequential generation use selected event context (0.4842ms)
Γ£ö ticket status transitions stay controlled (0.2177ms)
Γ£ö check-in transition allows false to true and blocks duplicates (0.9656ms)
Γ£ö checked-in summary counts registrations and persons attending (0.6778ms)
Γ£ö undo check-in moves guest back to not checked in counts and tabs (0.3188ms)
Γ£ö ticket code duplicate helper blocks existing and imported batch duplicates (0.2777ms)
Γ£ö check-in warnings flag pending payments and missing ticket codes (0.3468ms)
Γ£ö ticket code search includes name, email, phone, and ticket code (0.1832ms)
Γ£ö ticket and check-in services create registration audit actions (11.9039ms)
Γ£ö Firestore rules include ticket and check-in fields and actions (1.2606ms)
Γ£ö COMMUNICATION_TEMPLATES exist and have correct placeholders (1.2464ms)
Γ£ö buildMessagePreview substitutes placeholders safely (28.3175ms)
Γ£ö buildMessagePreview handles missing values safely (0.2573ms)
Γ£ö extractAvailableGroups finds unique non-empty groups and sorts them (0.8742ms)
Γ£ö filterCommunicationsRegistrations applies status filters correctly (0.5819ms)
Γ£ö filterCommunicationsRegistrations applies group and search filters (0.34ms)
Γ£ö buildCommunicationsExport formats multiple registrations into copyable text (0.3293ms)
Γ£ö QR ticket payload uses safe prefixed ticket code only (1.472ms)
Γ£ö QR ticket parser accepts raw and prefixed ticket codes (2.323ms)
Γ£ö QR ticket parser rejects empty and invalid payloads (0.2078ms)
Γ£ö QR lookup matches only registrations supplied for the selected Working Event (0.2742ms)
Γ£ö Tickets page renders QR previews without adding private data to QR payloads (8.4438ms)
Γ£ö Check-In QR scanner selects a guest but does not auto check in (2.153ms)
Γ£ö event-day summary includes registrations, persons, payments, and ticket coverage (2.1329ms)
Γ£ö event-day helper lists isolate missing tickets and pending payments (10.9967ms)
Γ£ö event-day labels are plain and operator-friendly (0.3332ms)
Γ£ö event-day CSV export is client-side text and includes status labels (0.5749ms)
Γ£ö Check-In page exposes event-day mode, helper lists, and clear QR feedback states (7.9828ms)
Γ£ö Dashboard includes event-day command links without enabling deferred integrations (1.5023ms)
Γ£ö XLSX sheet selection requires explicit confirmation before mapping or preview (10.8919ms)
Γ£ö changing a confirmed sheet resets stale mapping and preview safely (1.4734ms)
Γ£ö empty sheet cannot be confirmed and single-sheet workbooks still use confirmation UI (2.0989ms)
Γ£ö Google Forms-style headers map correctly and extra columns remain ignored (1.4991ms)
Γ£ö buyer and purchaser headers map separately from attendee names (1.0454ms)
Γ£ö attendee names normalize from one multi-name column (0.414ms)
Γ£ö attendee names map from Guest 1, Guest 2, and Guest 3 columns (1.7098ms)
Γ£ö buyerName alone does not replace attending guest name (5.6918ms)
Γ£ö missing fullName uses first attendee name with soft warning (3.0653ms)
Γ£ö persons attending matches attendee names count without warning (1.4737ms)
Γ£ö persons attending mismatch creates warning or review (1.9221ms)
Γ£ö blank persons attending suggests attendee count and requires review (1.2541ms)
Γ£ö shared phone and email across different names are warnings, not hard errors (0.8967ms)
Γ£ö same buyer with multiple attendee names is not a hard duplicate (1.4183ms)
Γ£ö possible duplicate attendee with same buyer requires review (1.2481ms)
Γ£ö same fullName and same contact becomes needs-review, not silent import (0.9081ms)
Γ£ö ticket code duplicates remain hard errors for batch and existing event scope (1.6166ms)
Γ£ö event-style multi-part ticket codes are valid for imports and QR lookup (0.6307ms)
Γ£ö sourceRowId and registration IDs do not collide just because contact is shared (0.5416ms)
Γ£ö manual merge sums persons and preserves original names in notes (0.3841ms)
Γ£ö manual merge keeps sourceRowId within Firestore rule limit (0.1995ms)
Γ£ö manual merge preserves buyerName and attendeeNames (0.1488ms)
Γ£ö manual merge blocks conflicting buyer names (0.0838ms)
Γ£ö manual merge blocks multiple ticket codes instead of losing data (0.0711ms)
Γ£ö row table identity includes sheet source data (0.0984ms)
Γ£ö Import Center keeps preview before writes and skip rows excluded from final import (3.9241ms)
Γ£ö confirmed import write strips UI-only review fields (0.8252ms)
Γ£ö Import Center shows clear Firestore permission-denied diagnostics without guest rows (0.4145ms)
Γ£ö duplicate checks stay scoped to the selected Working Event data passed to processing (0.3579ms)
Γ£ö search can match buyerName and attendeeNames (0.1205ms)
Γ£ö QR output remains ticket-code only without personal data (0.0986ms)
Γ£ö Firestore registration rules allow only narrow buyer and attendee fields (1.1635ms)
Γ£ö door payment values normalize to door and unknown payment status requires review (10.7624ms)
Γ£ö organizer ticket codes are accepted but duplicates stay blocked (2.6729ms)
Γ£ö preferred school maps safely and is preserved in import notes only (2.4297ms)
Γ£ö Import Center exposes editable preview, bulk actions, and ticket handling without writing before confirm (2.5272ms)
Γ£ö Registrations page has count bars and current-event bulk actions (1.6056ms)
Γ£ö Settings, QA, and Communications pages expose practical admin polish (2.1825ms)
Γ£û old internal labels are removed while roadmap backlog remains visible (9.3983ms)
Γ£ö Phase 8.3 canonical domain and route health stay loop-safe (8.5952ms)
Γ£ö finance calculations use amounts, not paymentStatus alone (1.097ms)
Γ£ö finance summary separates expected, collected, outstanding, door, and complimentary values (0.3222ms)
Γ£ö Import Center maps finance fields and flags missing event price for review (6.4199ms)
Γ£ö finance filters, communications segments, and QR privacy are safe (1.0844ms)
Γ£ö Phase 9 UI and Firestore rules expose finance without broad access (4.9399ms)
Γ£ö QA helper creates stable CODEX_TEST prefixes and fake sample CSV rows (1.3213ms)
Γ£ö QA helper recognizes only the CODEX_TEST Working Event (0.1476ms)
Γ£ö QA Center route and text keep production QA scoped to CODEX_TEST (7.4502ms)
Γ£ö production fixture verification script is read-only and strict (3.6098ms)
Γ£ö shared registration metrics separate registrations from persons attending (1.3179ms)
Γ£ö persons attending normalization defaults blanks and blocks invalid imports (1.5696ms)
Γ£ö Dashboard and Check-In use shared count wording and helpers (7.4449ms)
Γ£ö Check-In page waits for Firestore success and avoids false success on permission denied (1.3423ms)
Γ£ö Check-In page labels undo and clear actions truthfully (1.1139ms)
Γ£ö production count diagnostic is read-only and uses shared metrics (1.5234ms)
Γ£ö validateRegistration - accepts valid registration (3.4686ms)
Γ£ö validateRegistration - rejects missing fullName (0.188ms)
Γ£ö validateRegistration - rejects non-integer personsAttending (0.0936ms)
Γ£ö validateRegistration - rejects zero personsAttending (0.0717ms)
Γ£ö validateRegistration - rejects invalid paymentStatus (0.1357ms)
Γ£ö admin search returns events without a Working Event and explains scoped search in UI (4.3632ms)
Γ£ö admin search includes registration, ticket, and check-in scoped to Working Event (1.0903ms)
Γ£ö runtime health helpers hide allowlist contents while reporting approval (0.4718ms)
Γ£ö runtime health treats missing build commit as informational (0.2432ms)
Γä╣ tests 171
Γä╣ suites 0
Γä╣ pass 161
Γä╣ fail 1
Γä╣ cancelled 0
Γä╣ skipped 9
Γä╣ todo 0
Γä╣ duration_ms 395.8223

Γ£û failing tests:

test at tests\phase82-admin-polish.test.js:108:1
Γ£û old internal labels are removed while roadmap backlog remains visible (9.3983ms)
  AssertionError [ERR_ASSERTION]: The input did not match the regular expression /AI writing/. Input:
  
  "import { CheckCircle2, Database, KeyRound, LogOut, ShieldCheck, UserRound } from 'lucide-react'\r\n" +
    "import { useAuth } from '../auth/useAuth'\r\n" +
    "import { useActiveEvent } from '../events/useActiveEvent'\r\n" +
    "import { firebaseProjectId, isFirebaseConfigured } from '../lib/firebase'\r\n" +
    "import { SystemHealthPanel } from '../components/SystemHealthPanel'\r\n" +
    "import { DEFAULT_FINANCE_SETTINGS, formatPaymentMethod } from '../utils/financeUtils'\r\n" +
    "import { ACCESS_ROLES, ROLE_ORDER, listApprovedAccessEntries, roleCapabilitySummary } from '../utils/accessRoles'\r\n" +
    '\r\n' +
    'const ROADMAP_ITEMS = [\r\n' +
    "  ['Phase 12A Google Sheets-ready tools', 'Active/Complete'],\r\n" +
    "  ['Google Sheets OAuth', 'Deferred'],\r\n" +
    "  ['Phase 13A AI Draft Lab', 'Active/Complete'],\r\n" +
    "  ['Real AI API integration', 'Deferred'],\r\n" +
    "  ['Gmail/Outlook OAuth', 'Deferred'],\r\n" +
    "  ['Cloud Functions', 'Deferred'],\r\n" +
    "  ['Storage', 'Deferred'],\r\n" +
    "  ['Staff roles', 'Phase 10 foundation'],\r\n" +
    "  ['Finance tracker', 'Phase 9 active'],\r\n" +
    "  ['Communications Pro', 'Phase 11 copy-only'],\r\n" +
    ']\r\n' +
    '\r\n' +
    'function SettingsSection({ eyebrow, title, children }) {\r\n' +
    '  return (\r\n' +
    '    <section className="min-w-0 rounded-[24px] border border-[#EEDFD6] bg-white p-6 shadow-[0_8px_24px_rgba(84,53,67,0.04)] sm:p-8">\r\n' +
    '      <p className="text-[9px] font-bold uppercase tracking-[0.22em] text-[#B76E79]">{eyebrow}</p>\r\n' +
    '      <h2 className="mt-2 font-serif text-2xl text-[#2B1723]">{title}</h2>\r\n' +
    '      <div className="mt-6">{children}</div>\r\n' +
    '    </section>\r\n' +
    '  )\r\n' +
    '}\r\n' +
    '\r\n' +
    'function InfoRow({ label, value }) {\r\n' +
    '  return (\r\n' +
    '    <div className="flex items-center justify-between gap-4 border-b border-[#F2E8E1] py-3 last:border-b-0">\r\n' +
    '      <span className="text-sm font-semibold text-[#6B564C]">{label}</span>\r\n' +
    `      <span className="min-w-0 break-words text-right text-sm font-bold text-[#2B1723]">{value || 'Not set'}</span>\r\n` +
    '    </div>\r\n' +
    '  )\r\n' +
    '}\r\n' +
    '\r\n' +
    'function ProfileAvatar({ user }) {\r\n' +
    '  if (user?.photoURL) {\r\n' +
    '    return <img src={user.photoURL} alt="" className="size-16 rounded-full object-cover" referrerPolicy="no-referrer" />\r\n' +
    '  }\r\n' +
    '  return (\r\n' +
    '    <div className="grid size-16 place-items-center rounded-full bg-[#F7DDE6] text-xl font-bold uppercase text-[#2B1723]">\r\n' +
    "      {user?.displayName?.slice(0, 1) || user?.email?.slice(0, 1) || 'A'}\r\n" +
    '    </div>\r\n' +
    '  )\r\n' +
    '}\r\n' +
    '\r\n' +
    'export function SettingsPage() {\r\n' +
    '  const { user, signOut, accessControl, currentRole, currentRoleLabel } = useAuth()\r\n' +
    '  const { activeEvent } = useActiveEvent()\r\n' +
    '  const approvedEntries = listApprovedAccessEntries(accessControl || {})\r\n' +
    '  const rolesConfigured = Boolean(accessControl?.rolesByEmail && Object.keys(accessControl.rolesByEmail).length > 0)\r\n' +
    '\r\n' +
    '  return (\r\n' +
    '    <div className="grid min-w-0 gap-6 xl:grid-cols-2">\r\n' +
    '      <SettingsSection eyebrow="My Admin Profile" title="Signed-in admin">\r\n' +
    '        <div className="flex items-center gap-4">\r\n' +
    '          <ProfileAvatar user={user} />\r\n' +
    '          <div className="min-w-0">\r\n' +
    `            <p className="break-words text-lg font-bold text-[#2B1723]">{user?.displayName || 'Gather & Savor Admin'}</p>\r\n` +
    `            <p className="mt-1 break-words text-sm text-[#816D62]">{user?.email || 'No email available'}</p>\r\n` +
    '            <p className="mt-2 inline-flex rounded-full bg-[#EAF6EF] px-3 py-1 text-[10px] font-bold uppercase tracking-wider text-[#2F855A]">{currentRoleLabel}</p>\r\n' +
    '          </div>\r\n' +
    '        </div>\r\n' +
    '        <div className="mt-6 rounded-2xl border border-[#EFE2DA] p-4">\r\n' +
    `          <InfoRow label="Auth provider" value={user?.providerData?.[0]?.providerId || 'Firebase Auth'} />\r\n` +
    `          <InfoRow label="Organizer display name" value={user?.displayName || 'Use Google profile name'} />\r\n` +
    '          <InfoRow label="Role label" value={currentRoleLabel} />\r\n' +
    `          <InfoRow label="Role source" value={rolesConfigured ? 'settings/accessControl.rolesByEmail' : 'approvedEmails fallback'} />\r\n` +
    '        </div>\r\n' +
    '        <button type="button" onClick={signOut} className="mt-6 inline-flex items-center gap-2 rounded-xl bg-[#2B1723] px-5 py-3 text-sm font-bold text-white">\r\n' +
    '          <LogOut className="size-4" />\r\n' +
    '          Log out\r\n' +
    '        </button>\r\n' +
    '      </SettingsSection>\r\n' +
    '\r\n' +
    '      <SettingsSection eyebrow="Workspace / Organization" title="Gather & Savor workspace">\r\n' +
    '        <div className="rounded-2xl border border-[#EFE2DA] p-4">\r\n' +
    '          <InfoRow label="App name" value="Gather & Savor Event Hub" />\r\n' +
    '          <InfoRow label="Organization" value="Gather & Savor Vibes" />\r\n' +
    '          <InfoRow label="Default timezone" value="America/Halifax" />\r\n' +
    '          <InfoRow label="Default currency" value="BBD / USD-ready" />\r\n' +
    '          <InfoRow label="Logo" value="Brand mark enabled; uploads disabled" />\r\n' +
    '        </div>\r\n' +
    '      </SettingsSection>\r\n' +
    '\r\n' +
    '      <SettingsSection eyebrow="Admin Access" title="Private access controls">\r\n' +
    '        <div className="rounded-2xl border border-[#E6D4B4] bg-[#FFF8EA] p-4 text-sm leading-6 text-[#715D46]">\r\n' +
    '          Staff roles are allowlist-only. This release displays role foundations from <strong>settings/accessControl</strong>, but Firestore write permissions still use the existing approved-admin rules until scoped role rules are separately designed and tested.\r\n' +
    '        </div>\r\n' +
    '\r\n' +
    '        <div className="mt-4 grid gap-3">\r\n' +
    '          <div className="flex items-center gap-3 rounded-2xl border border-[#EFE2DA] p-4">\r\n' +
    '            <ShieldCheck className="size-5 text-[#B76E79]" />\r\n' +
    '            <div>\r\n' +
    '              <p className="text-sm font-bold text-[#2B1723]">Approved admin allowlist</p>\r\n' +
    '              <p className="text-xs text-[#816D62]">Active in settings/accessControl. Random signed-in users remain blocked.</p>\r\n' +
    '            </div>\r\n' +
    '          </div>\r\n' +
    '          <div className="flex items-center gap-3 rounded-2xl border border-[#EFE2DA] p-4">\r\n' +
    '            <ShieldCheck className="size-5 text-[#B76E79]" />\r\n' +
    '            <div>\r\n' +
    '              <p className="text-sm font-bold text-[#2B1723]">Current user status</p>\r\n' +
    '              <p className="text-xs text-[#816D62]">{user?.email ? `Signed in and approved as ${currentRoleLabel}` : \'Not signed in\'}</p>\r\n' +
    '            </div>\r\n' +
    '          </div>\r\n' +
    '        </div>\r\n' +
    '\r\n' +
    '        <div className="mt-5">\r\n' +
    '          <p className="text-xs font-bold uppercase tracking-[0.18em] text-[#A48A7B]">Approved emails and roles</p>\r\n' +
    '          <div className="mt-3 overflow-hidden rounded-2xl border border-[#EFE2DA]">\r\n' +
    '            {approvedEntries.length === 0 ? (\r\n' +
    '              <p className="p-4 text-sm text-[#816D62]">No approved emails were loaded.</p>\r\n' +
    '            ) : approvedEntries.map((entry) => (\r\n' +
    '              <div key={entry.email} className="flex flex-col gap-1 border-b border-[#F2E8E1] p-4 last:border-b-0 sm:flex-row sm:items-center sm:justify-between">\r\n' +
    '                <p className="break-all text-sm font-bold text-[#2B1723]">{entry.email}</p>\r\n' +
    `                <span className="w-fit rounded-full bg-[#F7F1ED] px-3 py-1 text-[10px] font-bold uppercase tracking-wider text-[#6B564C]">{ACCESS_ROLES[entry.role]?.label || 'Admin'}</span>\r\n` +
    '              </div>\r\n' +
    '            ))}\r\n' +
    '          </div>\r\n' +
    '          <p className="mt-2 text-xs leading-5 text-[#8A7468]">\r\n' +
    '            If rolesByEmail is missing or a role is not recognized, approved emails continue as Admin for backward compatibility.\r\n' +
    '          </p>\r\n' +
    '        </div>\r\n' +
    '\r\n' +
    '        <div className="mt-5 grid gap-3 sm:grid-cols-2">\r\n' +
    '          {ROLE_ORDER.map((roleId) => (\r\n' +
    '            <div key={roleId} className="rounded-2xl border border-[#EFE2DA] p-4">\r\n' +
    '              <p className="text-sm font-bold text-[#2B1723]">{ACCESS_ROLES[roleId].label}</p>\r\n' +
    '              <p className="mt-1 text-xs leading-5 text-[#816D62]">{ACCESS_ROLES[roleId].summary}</p>\r\n' +
    '            </div>\r\n' +
    '          ))}\r\n' +
    '        </div>\r\n' +
    '\r\n' +
    '        <div className="mt-5 rounded-2xl border border-[#EFE2DA] bg-[#FBF8F5] p-4">\r\n' +
    '          <p className="text-sm font-bold text-[#2B1723]">Current role behavior</p>\r\n' +
    '          <p className="mt-1 text-xs leading-5 text-[#816D62]">{roleCapabilitySummary(currentRole)}</p>\r\n' +
    '          <p className="mt-2 text-xs leading-5 text-[#8A7468]">\r\n' +
    '            Role editing, owner-only controls, viewer read-only rules, and check-in staff scoped rules are deferred. They should be added only with matching Firestore rules and audit tests.\r\n' +
    '          </p>\r\n' +
    '        </div>\r\n' +
    '      </SettingsSection>\r\n' +
    '\r\n' +
    '      <SettingsSection eyebrow="Event Defaults" title="Import and check-in defaults">\r\n' +
    '        <div className="rounded-2xl border border-[#EFE2DA] p-4">\r\n' +
    '          <InfoRow label="Default ticket prefix" value="Event initials, fallback GSV" />\r\n' +
    '          <InfoRow label="Default payment statuses" value="Paid, Pending, Complimentary, Door" />\r\n' +
    '          <InfoRow label="Import behavior" value="Preview first; missing tickets may stay blank" />\r\n' +
    '          <InfoRow label="Check-in behavior" value="Warn on pending/door, do not auto-block" />\r\n' +
    '          <InfoRow label="Communication footer" value="Copy-ready messages only" />\r\n' +
    '        </div>\r\n' +
    '      </SettingsSection>\r\n' +
    '\r\n' +
    '      <SettingsSection eyebrow="Finance Defaults" title="Money tracker defaults">\r\n' +
    '        <div className="rounded-2xl border border-[#EFE2DA] p-4">\r\n' +
    '          <InfoRow label="Default currency" value={DEFAULT_FINANCE_SETTINGS.currency} />\r\n' +
    '          <InfoRow label="Default ticket price" value="Uses event ticket price when available" />\r\n' +
    '          <InfoRow label="Default price tier" value={DEFAULT_FINANCE_SETTINGS.defaultPriceTier} />\r\n' +
    '          <InfoRow label="Default payment method" value={formatPaymentMethod(DEFAULT_FINANCE_SETTINGS.defaultPaymentMethod)} />\r\n' +
    `          <InfoRow label="Allow blank ticket codes" value={DEFAULT_FINANCE_SETTINGS.allowBlankTicketCodes ? 'Yes' : 'No'} />\r\n` +
    `          <InfoRow label="Allow door payment" value={DEFAULT_FINANCE_SETTINGS.allowDoorPayment ? 'Yes' : 'No'} />\r\n` +
    `          <InfoRow label="Require payment reference for paid status" value={DEFAULT_FINANCE_SETTINGS.requirePaymentReferenceForPaidStatus ? 'Yes' : 'No'} />\r\n` +
    '          <InfoRow label="Show finance warnings" value={DEFAULT_FINANCE_SETTINGS.showFinance'... 3155 more characters
  
      at TestContext.<anonymous> (file:///C:/Users/Jaylan/Documents/gathetr/tests/phase82-admin-polish.test.js:126:10)
      at async Test.run (node:internal/test_runner/test:1313:7)
      at async Test.processPendingSubtests (node:internal/test_runner/test:897:7) {
    generatedMessage: true,
    code: 'ERR_ASSERTION',
    actual: 'import { CheckCircle2, Database, KeyRound, LogOut, ShieldCheck, UserRound } from \'lucide-react\'\r\nimport { useAuth } from \'../auth/useAuth\'\r\nimport { useActiveEvent } from \'../events/useActiveEvent\'\r\nimport { firebaseProjectId, isFirebaseConfigured } from \'../lib/firebase\'\r\nimport { SystemHealthPanel } from \'../components/SystemHealthPanel\'\r\nimport { DEFAULT_FINANCE_SETTINGS, formatPaymentMethod } from \'../utils/financeUtils\'\r\nimport { ACCESS_ROLES, ROLE_ORDER, listApprovedAccessEntries, roleCapabilitySummary } from \'../utils/accessRoles\'\r\n\r\nconst ROADMAP_ITEMS = [\r\n  [\'Phase 12A Google Sheets-ready tools\', \'Active/Complete\'],\r\n  [\'Google Sheets OAuth\', \'Deferred\'],\r\n  [\'Phase 13A AI Draft Lab\', \'Active/Complete\'],\r\n  [\'Real AI API integration\', \'Deferred\'],\r\n  [\'Gmail/Outlook OAuth\', \'Deferred\'],\r\n  [\'Cloud Functions\', \'Deferred\'],\r\n  [\'Storage\', \'Deferred\'],\r\n  [\'Staff roles\', \'Phase 10 foundation\'],\r\n  [\'Finance tracker\', \'Phase 9 active\'],\r\n  [\'Communications Pro\', \'Phase 11 copy-only\'],\r\n]\r\n\r\nfunction SettingsSection({ eyebrow, title, children }) {\r\n  return (\r\n    <section className="min-w-0 rounded-[24px] border border-[#EEDFD6] bg-white p-6 shadow-[0_8px_24px_rgba(84,53,67,0.04)] sm:p-8">\r\n      <p className="text-[9px] font-bold uppercase tracking-[0.22em] text-[#B76E79]">{eyebrow}</p>\r\n      <h2 className="mt-2 font-serif text-2xl text-[#2B1723]">{title}</h2>\r\n      <div className="mt-6">{children}</div>\r\n    </section>\r\n  )\r\n}\r\n\r\nfunction InfoRow({ label, value }) {\r\n  return (\r\n    <div className="flex items-center justify-between gap-4 border-b border-[#F2E8E1] py-3 last:border-b-0">\r\n      <span className="text-sm font-semibold text-[#6B564C]">{label}</span>\r\n      <span className="min-w-0 break-words text-right text-sm font-bold text-[#2B1723]">{value || \'Not set\'}</span>\r\n    </div>\r\n  )\r\n}\r\n\r\nfunction ProfileAvatar({ user }) {\r\n  if (user?.photoURL) {\r\n    return <img src={user.photoURL} alt="" className="size-16 rounded-full object-cover" referrerPolicy="no-referrer" />\r\n  }\r\n  return (\r\n    <div className="grid size-16 place-items-center rounded-full bg-[#F7DDE6] text-xl font-bold uppercase text-[#2B1723]">\r\n      {user?.displayName?.slice(0, 1) || user?.email?.slice(0, 1) || \'A\'}\r\n    </div>\r\n  )\r\n}\r\n\r\nexport function SettingsPage() {\r\n  const { user, signOut, accessControl, currentRole, currentRoleLabel } = useAuth()\r\n  const { activeEvent } = useActiveEvent()\r\n  const approvedEntries = listApprovedAccessEntries(accessControl || {})\r\n  const rolesConfigured = Boolean(accessControl?.rolesByEmail && Object.keys(accessControl.rolesByEmail).length > 0)\r\n\r\n  return (\r\n    <div className="grid min-w-0 gap-6 xl:grid-cols-2">\r\n      <SettingsSection eyebrow="My Admin Profile" title="Signed-in admin">\r\n        <div className="flex items-center gap-4">\r\n          <ProfileAvatar user={user} />\r\n          <div className="min-w-0">\r\n            <p className="break-words text-lg font-bold text-[#2B1723]">{user?.displayName || \'Gather & Savor Admin\'}</p>\r\n            <p className="mt-1 break-words text-sm text-[#816D62]">{user?.email || \'No email available\'}</p>\r\n            <p className="mt-2 inline-flex rounded-full bg-[#EAF6EF] px-3 py-1 text-[10px] font-bold uppercase tracking-wider text-[#2F855A]">{currentRoleLabel}</p>\r\n          </div>\r\n        </div>\r\n        <div className="mt-6 rounded-2xl border border-[#EFE2DA] p-4">\r\n          <InfoRow label="Auth provider" value={user?.providerData?.[0]?.providerId || \'Firebase Auth\'} />\r\n          <InfoRow label="Organizer display name" value={user?.displayName || \'Use Google profile name\'} />\r\n          <InfoRow label="Role label" value={currentRoleLabel} />\r\n          <InfoRow label="Role source" value={rolesConfigured ? \'settings/accessControl.rolesByEmail\' : \'approvedEmails fallback\'} />\r\n        </div>\r\n        <button type="button" onClick={signOut} className="mt-6 inline-flex items-center gap-2 rounded-xl bg-[#2B1723] px-5 py-3 text-sm font-bold text-white">\r\n          <LogOut className="size-4" />\r\n          Log out\r\n        </button>\r\n      </SettingsSection>\r\n\r\n      <SettingsSection eyebrow="Workspace / Organization" title="Gather & Savor workspace">\r\n        <div className="rounded-2xl border border-[#EFE2DA] p-4">\r\n          <InfoRow label="App name" value="Gather & Savor Event Hub" />\r\n          <InfoRow label="Organization" value="Gather & Savor Vibes" />\r\n          <InfoRow label="Default timezone" value="America/Halifax" />\r\n          <InfoRow label="Default currency" value="BBD / USD-ready" />\r\n          <InfoRow label="Logo" value="Brand mark enabled; uploads disabled" />\r\n        </div>\r\n      </SettingsSection>\r\n\r\n      <SettingsSection eyebrow="Admin Access" title="Private access controls">\r\n        <div className="rounded-2xl border border-[#E6D4B4] bg-[#FFF8EA] p-4 text-sm leading-6 text-[#715D46]">\r\n          Staff roles are allowlist-only. This release displays role foundations from <strong>settings/accessControl</strong>, but Firestore write permissions still use the existing approved-admin rules until scoped role rules are separately designed and tested.\r\n        </div>\r\n\r\n        <div className="mt-4 grid gap-3">\r\n          <div className="flex items-center gap-3 rounded-2xl border border-[#EFE2DA] p-4">\r\n            <ShieldCheck className="size-5 text-[#B76E79]" />\r\n            <div>\r\n              <p className="text-sm font-bold text-[#2B1723]">Approved admin allowlist</p>\r\n              <p className="text-xs text-[#816D62]">Active in settings/accessControl. Random signed-in users remain blocked.</p>\r\n            </div>\r\n          </div>\r\n          <div className="flex items-center gap-3 rounded-2xl border border-[#EFE2DA] p-4">\r\n            <ShieldCheck className="size-5 text-[#B76E79]" />\r\n            <div>\r\n              <p className="text-sm font-bold text-[#2B1723]">Current user status</p>\r\n              <p className="text-xs text-[#816D62]">{user?.email ? `Signed in and approved as ${currentRoleLabel}` : \'Not signed in\'}</p>\r\n            </div>\r\n          </div>\r\n        </div>\r\n\r\n        <div className="mt-5">\r\n          <p className="text-xs font-bold uppercase tracking-[0.18em] text-[#A48A7B]">Approved emails and roles</p>\r\n          <div className="mt-3 overflow-hidden rounded-2xl border border-[#EFE2DA]">\r\n            {approvedEntries.length === 0 ? (\r\n              <p className="p-4 text-sm text-[#816D62]">No approved emails were loaded.</p>\r\n            ) : approvedEntries.map((entry) => (\r\n              <div key={entry.email} className="flex flex-col gap-1 border-b border-[#F2E8E1] p-4 last:border-b-0 sm:flex-row sm:items-center sm:justify-between">\r\n                <p className="break-all text-sm font-bold text-[#2B1723]">{entry.email}</p>\r\n                <span className="w-fit rounded-full bg-[#F7F1ED] px-3 py-1 text-[10px] font-bold uppercase tracking-wider text-[#6B564C]">{ACCESS_ROLES[entry.role]?.label || \'Admin\'}</span>\r\n              </div>\r\n            ))}\r\n          </div>\r\n          <p className="mt-2 text-xs leading-5 text-[#8A7468]">\r\n            If rolesByEmail is missing or a role is not recognized, approved emails continue as Admin for backward compatibility.\r\n          </p>\r\n        </div>\r\n\r\n        <div className="mt-5 grid gap-3 sm:grid-cols-2">\r\n          {ROLE_ORDER.map((roleId) => (\r\n            <div key={roleId} className="rounded-2xl border border-[#EFE2DA] p-4">\r\n              <p className="text-sm font-bold text-[#2B1723]">{ACCESS_ROLES[roleId].label}</p>\r\n              <p className="mt-1 text-xs leading-5 text-[#816D62]">{ACCESS_ROLES[roleId].summary}</p>\r\n            </div>\r\n          ))}\r\n        </div>\r\n\r\n        <div className="mt-5 rounded-2xl border border-[#EFE2DA] bg-[#FBF8F5] p-4">\r\n          <p className="text-sm font-bold text-[#2B1723]">Current role behavior</p>\r\n          <p className="mt-1 text-xs leading-5 text-[#816D62]">{roleCapabilitySummary(currentRole)}</p>\r\n          <p className="mt-2 text-xs leading-5 text-[#8A7468]">\r\n            Role editing, owner-only controls, viewer read-only rules, and check-in staff scoped rules are deferred. They should be added only with matching Firestore rules and audit tests.\r\n          </p>\r\n        </div>\r\n      </SettingsSection>\r\n\r\n      <SettingsSection eyebrow="Event Defaults" title="Import and check-in defaults">\r\n        <div className="rounded-2xl border border-[#EFE2DA] p-4">\r\n          <InfoRow label="Default ticket prefix" value="Event initials, fallback GSV" />\r\n          <InfoRow label="Default payment statuses" value="Paid, Pending, Complimentary, Door" />\r\n          <InfoRow label="Import behavior" value="Preview first; missing tickets may stay blank" />\r\n          <InfoRow label="Check-in behavior" value="Warn on pending/door, do not auto-block" />\r\n          <InfoRow label="Communication footer" value="Copy-ready messages only" />\r\n        </div>\r\n      </SettingsSection>\r\n\r\n      <SettingsSection eyebrow="Finance Defaults" title="Money tracker defaults">\r\n        <div className="rounded-2xl border border-[#EFE2DA] p-4">\r\n          <InfoRow label="Default currency" value={DEFAULT_FINANCE_SETTINGS.currency} />\r\n          <InfoRow label="Default ticket price" value="Uses event ticket price when available" />\r\n          <InfoRow label="Default price tier" value={DEFAULT_FINANCE_SETTINGS.defaultPriceTier} />\r\n          <InfoRow label="Default payment method" value={formatPaymentMethod(DEFAULT_FINANCE_SETTINGS.defaultPaymentMethod)} />\r\n          <InfoRow label="Allow blank ticket codes" value={DEFAULT_FINANCE_SETTINGS.allowBlankTicketCodes ? \'Yes\' : \'No\'} />\r\n          <InfoRow label="Allow door payment" value={DEFAULT_FINANCE_SETTINGS.allowDoorPayment ? \'Yes\' : \'No\'} />\r\n          <InfoRow label="Require payment reference for paid status" value={DEFAULT_FINANCE_SETTINGS.requirePaymentReferenceForPaidStatus ? \'Yes\' : \'No\'} />\r\n          <InfoRow label="Show finance warnings" value={DEFAULT_FINANCE_SETTINGS.showFinance'... 3155 more characters,
    expected: /AI writing/,
    operator: 'match',
    diff: 'simple'
  }
